---------------  P R O C E S S  ---------------

Java Threads: ( => current thread )
  0x0000000016216000 JavaThread "Unknown thread" [_thread_blocked, id=7048, stack(0x0000000016a80000,0x0000000016b80000)]
  0x00000000162b8000 JavaThread "Unknown thread" [_thread_blocked, id=9132, stack(0x0000000016980000,0x0000000016a80000)]
  0x00000000162b7000 
[error occurred during error reporting (printing all threads), id 0xc0000005]

VM state:at safepoint (normal execution)

VM Mutex/Monitor currently owned by a thread:  ([mutex/lock_event])
[0x000000000072c0d0] Threads_lock - owner thread: 0x0000000014718800
[0x000000000072c950] Heap_lock - owner thread: 0x00000000162b7000

Heap:
 PSYoungGen      total 138240K, used 133120K [0x00000000eab00000, 0x0000000100000000, 0x0000000100000000)
  eden space 133120K, 100% used [0x00000000eab00000,0x00000000f2d00000,0x00000000f2d00000)
  from space 5120K, 0% used [0x00000000f2d00000,0x00000000f2d00000,0x00000000f3200000)
  to   space 58368K, 0% used [0x00000000fc700000,0x00000000fc700000,0x0000000100000000)
 ParOldGen       total 91136K, used 85522K [0x00000000c0000000, 0x00000000c5900000, 0x00000000eab00000)
  object space 91136K, 93% used [0x00000000c0000000,0x00000000c53849b0,0x00000000c5900000)
 Metaspace       used 6443K, capacity 7192K, committed 7424K, reserved 1056768K
  class space    used 624K, capacity 656K, committed 768K, reserved 1048576K

Card table byte_map: [0x0000000011440000,0x0000000011650000] byte_map_base: 0x0000000010e40000

Marking Bits: (ParMarkBitMap*) 0x00000000582664f0
 Begin Bits: [0x0000000011bb0000, 0x0000000012bb0000)
 End Bits:   [0x0000000012bb0000, 0x0000000013bb0000)

Polling page: 0x00000000006a0000

CodeCache: size=245760Kb used=8579Kb max_used=8608Kb free=237180Kb
 bounds [0x0000000002080000, 0x00000000028f0000, 0x0000000011080000]
 total_blobs=2238 nmethods=1969 adapters=181
 compilation: enabled

Compilation events (10 events):
Event: 4.016 Thread 0x0000000015f81000 2091       2       com.android.dx.cf.direct.StdAttributeFactory::signature (94 bytes)
Event: 4.017 Thread 0x0000000015f81000 nmethod 2091 0x00000000028d9810 code [0x00000000028d9b00, 0x00000000028daa88]
Event: 4.017 Thread 0x0000000015f81000 2092       2       com.android.dx.dex.file.EncodedField::hashCode (8 bytes)
Event: 4.017 Thread 0x0000000015f81000 nmethod 2092 0x00000000028dc010 code [0x00000000028dc1a0, 0x00000000028dc3c8]
Event: 4.017 Thread 0x0000000015f81000 2093       2       com.android.dx.rop.cst.CstMemberRef::hashCode (19 bytes)
Event: 4.017 Thread 0x0000000015f81000 nmethod 2093 0x00000000028dc710 code [0x00000000028dc8a0, 0x00000000028dcac8]
Event: 4.018 Thread 0x0000000015f81000 2094       2       java.util.HashMap$TreeNode::getTreeNode (22 bytes)
Event: 4.018 Thread 0x0000000015f81000 nmethod 2094 0x00000000028dcd90 code [0x00000000028dcf00, 0x00000000028dd0e8]
Event: 4.077 Thread 0x00000000147a7800 nmethod 2004% 0x00000000028e45d0 code [0x00000000028e49a0, 0x00000000028e9010]
Event: 4.079 Thread 0x00000000147a7800 2079   !   4       com.android.dx.cf.code.BytecodeArray::parseInstruction (2764 bytes)

GC Heap History (10 events):
Event: 0.942 GC heap after
Heap after GC invocations=2 (full 0):
 PSYoungGen      total 71680K, used 5095K [0x00000000eab00000, 0x00000000ef600000, 0x0000000100000000)
  eden space 66560K, 0% used [0x00000000eab00000,0x00000000eab00000,0x00000000eec00000)
  from space 5120K, 99% used [0x00000000ef100000,0x00000000ef5f9c78,0x00000000ef600000)
  to   space 5120K, 0% used [0x00000000eec00000,0x00000000eec00000,0x00000000ef100000)
 ParOldGen       total 87552K, used 4069K [0x00000000c0000000, 0x00000000c5580000, 0x00000000eab00000)
  object space 87552K, 4% used [0x00000000c0000000,0x00000000c03f96c8,0x00000000c5580000)
 Metaspace       used 6053K, capacity 6964K, committed 7040K, reserved 1056768K
  class space    used 599K, capacity 620K, committed 640K, reserved 1048576K
}
Event: 1.763 GC heap before
{Heap before GC invocations=3 (full 0):
 PSYoungGen      total 71680K, used 71655K [0x00000000eab00000, 0x00000000ef600000, 0x0000000100000000)
  eden space 66560K, 100% used [0x00000000eab00000,0x00000000eec00000,0x00000000eec00000)
  from space 5120K, 99% used [0x00000000ef100000,0x00000000ef5f9c78,0x00000000ef600000)
  to   space 5120K, 0% used [0x00000000eec00000,0x00000000eec00000,0x00000000ef100000)
 ParOldGen       total 87552K, used 4069K [0x00000000c0000000, 0x00000000c5580000, 0x00000000eab00000)
  object space 87552K, 4% used [0x00000000c0000000,0x00000000c03f96c8,0x00000000c5580000)
 Metaspace       used 6252K, capacity 7092K, committed 7296K, reserved 1056768K
  class space    used 603K, capacity 620K, committed 640K, reserved 1048576K
Event: 1.781 GC heap after
Heap after GC invocations=3 (full 0):
 PSYoungGen      total 71680K, used 5099K [0x00000000eab00000, 0x00000000f3700000, 0x0000000100000000)
  eden space 66560K, 0% used [0x00000000eab00000,0x00000000eab00000,0x00000000eec00000)
  from space 5120K, 99% used [0x00000000eec00000,0x00000000ef0fad08,0x00000000ef100000)
  to   space 5120K, 0% used [0x00000000f3200000,0x00000000f3200000,0x00000000f3700000)
 ParOldGen       total 87552K, used 12941K [0x00000000c0000000, 0x00000000c5580000, 0x00000000eab00000)
  object space 87552K, 14% used [0x00000000c0000000,0x00000000c0ca3598,0x00000000c5580000)
 Metaspace       used 6252K, capacity 7092K, committed 7296K, reserved 1056768K
  class space    used 603K, capacity 620K, committed 640K, reserved 1048576K
}
Event: 2.473 GC heap before
{Heap before GC invocations=4 (full 0):
 PSYoungGen      total 71680K, used 71659K [0x00000000eab00000, 0x00000000f3700000, 0x0000000100000000)
  eden space 66560K, 100% used [0x00000000eab00000,0x00000000eec00000,0x00000000eec00000)
  from space 5120K, 99% used [0x00000000eec00000,0x00000000ef0fad08,0x00000000ef100000)
  to   space 5120K, 0% used [0x00000000f3200000,0x00000000f3200000,0x00000000f3700000)
 ParOldGen       total 87552K, used 12941K [0x00000000c0000000, 0x00000000c5580000, 0x00000000eab00000)
  object space 87552K, 14% used [0x00000000c0000000,0x00000000c0ca3598,0x00000000c5580000)
 Metaspace       used 6370K, capacity 7128K, committed 7424K, reserved 1056768K
  class space    used 622K, capacity 656K, committed 768K, reserved 1048576K
Event: 2.536 GC heap after
Heap after GC invocations=4 (full 0):
 PSYoungGen      total 138240K, used 5092K [0x00000000eab00000, 0x00000000f3700000, 0x0000000100000000)
  eden space 133120K, 0% used [0x00000000eab00000,0x00000000eab00000,0x00000000f2d00000)
  from space 5120K, 99% used [0x00000000f3200000,0x00000000f36f9250,0x00000000f3700000)
  to   space 5120K, 0% used [0x00000000f2d00000,0x00000000f2d00000,0x00000000f3200000)
 ParOldGen       total 87552K, used 32136K [0x00000000c0000000, 0x00000000c5580000, 0x00000000eab00000)
  object space 87552K, 36% used [0x00000000c0000000,0x00000000c1f62328,0x00000000c5580000)
 Metaspace       used 6370K, capacity 7128K, committed 7424K, reserved 1056768K
  class space    used 622K, capacity 656K, committed 768K, reserved 1048576K
}
Event: 3.367 GC heap before
{Heap before GC invocations=5 (full 0):
 PSYoungGen      total 138240K, used 138212K [0x00000000eab00000, 0x00000000f3700000, 0x0000000100000000)
  eden space 133120K, 100% used [0x00000000eab00000,0x00000000f2d00000,0x00000000f2d00000)
  from space 5120K, 99% used [0x00000000f3200000,0x00000000f36f9250,0x00000000f3700000)
  to   space 5120K, 0% used [0x00000000f2d00000,0x00000000f2d00000,0x00000000f3200000)
 ParOldGen       total 87552K, used 32136K [0x00000000c0000000, 0x00000000c5580000, 0x00000000eab00000)
  object space 87552K, 36% used [0x00000000c0000000,0x00000000c1f62328,0x00000000c5580000)
 Metaspace       used 6427K, capacity 7192K, committed 7424K, reserved 1056768K
  class space    used 622K, capacity 656K, committed 768K, reserved 1048576K
Event: 3.461 GC heap after
Heap after GC invocations=5 (full 0):
 PSYoungGen      total 138240K, used 5113K [0x00000000eab00000, 0x0000000100000000, 0x0000000100000000)
  eden space 133120K, 0% used [0x00000000eab00000,0x00000000eab00000,0x00000000f2d00000)
  from space 5120K, 99% used [0x00000000f2d00000,0x00000000f31fe6b8,0x00000000f3200000)
  to   space 58368K, 0% used [0x00000000fc700000,0x00000000fc700000,0x0000000100000000)
 ParOldGen       total 91136K, used 90948K [0x00000000c0000000, 0x00000000c5900000, 0x00000000eab00000)
  object space 91136K, 99% used [0x00000000c0000000,0x00000000c58d1190,0x00000000c5900000)
 Metaspace       used 6427K, capacity 7192K, committed 7424K, reserved 1056768K
  class space    used 622K, capacity 656K, committed 768K, reserved 1048576K
}
Event: 3.461 GC heap before
{Heap before GC invocations=6 (full 1):
 PSYoungGen      total 138240K, used 5113K [0x00000000eab00000, 0x0000000100000000, 0x0000000100000000)
  eden space 133120K, 0% used [0x00000000eab00000,0x00000000eab00000,0x00000000f2d00000)
  from space 5120K, 99% used [0x00000000f2d00000,0x00000000f31fe6b8,0x00000000f3200000)
  to   space 58368K, 0% used [0x00000000fc700000,0x00000000fc700000,0x0000000100000000)
 ParOldGen       total 91136K, used 90948K [0x00000000c0000000, 0x00000000c5900000, 0x00000000eab00000)
  object space 91136K, 99% used [0x00000000c0000000,0x00000000c58d1190,0x00000000c5900000)
 Metaspace       used 6427K, capacity 7192K, committed 7424K, reserved 1056768K
  class space    used 622K, capacity 656K, committed 768K, reserved 1048576K
Event: 3.895 GC heap after
Heap after GC invocations=6 (full 1):
 PSYoungGen      total 138240K, used 0K [0x00000000eab00000, 0x0000000100000000, 0x0000000100000000)
  eden space 133120K, 0% used [0x00000000eab00000,0x00000000eab00000,0x00000000f2d00000)
  from space 5120K, 0% used [0x00000000f2d00000,0x00000000f2d00000,0x00000000f3200000)
  to   space 58368K, 0% used [0x00000000fc700000,0x00000000fc700000,0x0000000100000000)
 ParOldGen       total 91136K, used 85522K [0x00000000c0000000, 0x00000000c5900000, 0x00000000eab00000)
  object space 91136K, 93% used [0x00000000c0000000,0x00000000c53849b0,0x00000000c5900000)
 Metaspace       used 6427K, capacity 7192K, committed 7424K, reserved 1056768K
  class space    used 622K, capacity 656K, committed 768K, reserved 1048576K
}
Event: 4.096 GC heap before
{Heap before GC invocations=7 (full 2):
 PSYoungGen      total 138240K, used 133120K [0x00000000eab00000, 0x0000000100000000, 0x0000000100000000)
  eden space 133120K, 100% used [0x00000000eab00000,0x00000000f2d00000,0x00000000f2d00000)
  from space 5120K, 0% used [0x00000000f2d00000,0x00000000f2d00000,0x00000000f3200000)
  to   space 58368K, 0% used [0x00000000fc700000,0x00000000fc700000,0x0000000100000000)
 ParOldGen       total 91136K, used 85522K [0x00000000c0000000, 0x00000000c5900000, 0x00000000eab00000)
  object space 91136K, 93% used [0x00000000c0000000,0x00000000c53849b0,0x00000000c5900000)
 Metaspace       used 6443K, capacity 7192K, committed 7424K, reserved 1056768K
  class space    used 624K, capacity 656K, committed 768K, reserved 1048576K

Deoptimization events (10 events):
Event: 2.610 Thread 0x0000000001f82800 Uncommon trap: reason=unstable_if action=reinterpret pc=0x000000000275bcac method=com.android.dx.cf.code.Merger.mergeType(Lcom/android/dx/rop/type/TypeBearer;Lcom/android/dx/rop/type/TypeBearer;)Lcom/android/dx/rop/type/TypeBearer; @ 133
Event: 2.622 Thread 0x0000000001f82800 Uncommon trap: reason=bimorphic action=maybe_recompile pc=0x0000000002810334 method=com.android.dx.cf.code.BytecodeArray.parseInstruction(ILcom/android/dx/cf/code/BytecodeArray$Visitor;)I @ 1357
Event: 2.623 Thread 0x0000000001f82800 Uncommon trap: reason=bimorphic action=maybe_recompile pc=0x0000000002810334 method=com.android.dx.cf.code.BytecodeArray.parseInstruction(ILcom/android/dx/cf/code/BytecodeArray$Visitor;)I @ 1357
Event: 2.741 Thread 0x0000000001f82800 Uncommon trap: reason=null_check action=make_not_entrant pc=0x000000000271ed58 method=com.android.dx.rop.cst.CstKnownNull.equals(Ljava/lang/Object;)Z @ 1
Event: 3.047 Thread 0x0000000001f82800 Uncommon trap: reason=unstable_if action=reinterpret pc=0x0000000002794448 method=java.util.HashMap.resize()[Ljava/util/HashMap$Node; @ 206
Event: 3.348 Thread 0x0000000001f82800 Uncommon trap: reason=unstable_if action=reinterpret pc=0x0000000002803bb0 method=com.android.dx.ssa.DeadCodeRemover.pruneDeadInstructions()V @ 49
Event: 3.999 Thread 0x0000000001f82800 Uncommon trap: reason=bimorphic action=maybe_recompile pc=0x000000000287c360 method=com.android.dx.cf.code.BytecodeArray.parseInstruction(ILcom/android/dx/cf/code/BytecodeArray$Visitor;)I @ 1501
Event: 3.999 Thread 0x0000000001f82800 Uncommon trap: reason=bimorphic action=maybe_recompile pc=0x000000000287c360 method=com.android.dx.cf.code.BytecodeArray.parseInstruction(ILcom/android/dx/cf/code/BytecodeArray$Visitor;)I @ 1501
Event: 4.001 Thread 0x0000000001f82800 Uncommon trap: reason=unstable_if action=reinterpret pc=0x0000000002679028 method=com.android.dx.ssa.SCCP.simulateStmt(Lcom/android/dx/ssa/SsaInsn;)V @ 59
Event: 4.008 Thread 0x0000000001f82800 Uncommon trap: reason=unstable_if action=reinterpret pc=0x000000000235d34c method=java.util.HashMap.getNode(ILjava/lang/Object;)Ljava/util/HashMap$Node; @ 84

Internal exceptions (7 events):
Event: 0.034 Thread 0x0000000001f82800 Exception <a 'java/lang/NoSuchMethodError': Method sun.misc.Unsafe.defineClass(Ljava/lang/String;[BII)Ljava/lang/Class; name or signature does not match> (0x00000000eab07cc0) thrown at [D:\re\workspace\8-2-build-windows-amd64-cygwin\jdk8u92\6642\hotspot\sr‘•·þw¡?
Event: 0.034 Thread 0x0000000001f82800 Exception <a 'java/lang/NoSuchMethodError': Method sun.misc.Unsafe.prefetchRead(Ljava/lang/Object;J)V name or signature does not match> (0x00000000eab07fa8) thrown at [D:\re\workspace\8-2-build-windows-amd64-cygwin\jdk8u92\6642\hotspot\src\share\vm\prims\jËô]\‘ðà?
Event: 0.529 Thread 0x00000000162b7000 Implicit null exception at 0x00000000023072a2 to 0x000000000230739a
Event: 1.825 Thread 0x0000000016216000 Exception <a 'java/lang/ArrayIndexOutOfBoundsException': 18> (0x00000000ec34ada8) thrown at [D:\re\workspace\8-2-build-windows-amd64-cygwin\jdk8u92\6642\hotspot\src\share\vm\interpreter\interpreterRuntime.cpp, line 366]
Event: 1.825 Thread 0x0000000016216000 Exception <a 'java/lang/ArrayIndexOutOfBoundsException': 145> (0x00000000ec34c928) thrown at [D:\re\workspace\8-2-build-windows-amd64-cygwin\jdk8u92\6642\hotspot\src\share\vm\interpreter\interpreterRuntime.cpp, line 366]
Event: 1.825 Thread 0x0000000016216000 Exception <a 'java/lang/ArrayIndexOutOfBoundsException'> (0x00000000ec34dc10) thrown at [D:\re\workspace\8-2-build-windows-amd64-cygwin\jdk8u92\6642\hotspot\src\share\vm\runtime\sharedRuntime.cpp, line 605]
Event: 2.741 Thread 0x0000000001f82800 Implicit null exception at 0x000000000271ed2c to 0x000000000271ed4e

Events (10 events):
Event: 4.094 Thread 0x0000000016216000 DEOPT UNPACKING pc=0x00000000020c787f sp=0x0000000016b7e428 mode 0
Event: 4.094 Thread 0x0000000016216000 DEOPT PACKING pc=0x0000000002370684 sp=0x0000000016b7e710
Event: 4.094 Thread 0x0000000016216000 DEOPT UNPACKING pc=0x00000000020c787f sp=0x0000000016b7e428 mode 0
Event: 4.095 Thread 0x00000000162b7000 DEOPT PACKING pc=0x0000000002370684 sp=0x000000001697e7f0
Event: 4.095 Thread 0x00000000162b7000 DEOPT UNPACKING pc=0x00000000020c787f sp=0x000000001697e508 mode 0
Event: 4.095 Thread 0x0000000016216000 DEOPT PACKING pc=0x0000000002370684 sp=0x0000000016b7e710
Event: 4.095 Thread 0x0000000016216000 DEOPT UNPACKING pc=0x00000000020c787f sp=0x0000000016b7e428 mode 0
Event: 4.095 Thread 0x00000000162b7000 DEOPT PACKING pc=0x0000000002370684 sp=0x000000001697e7f0
Event: 4.095 Thread 0x00000000162b7000 DEOPT UNPACKING pc=0x00000000020c787f sp=0x000000001697e508 mode 0
Event: 4.095 Executing VM operation: ParallelGCFailedAllocation


Dynamic libraries:
0x00007ff6efb20000 - 0x00007ff6efb57000 	C:\Program Files\Java\jdk1.8.0_92\bin\java.exe
0x00007ffd45f40000 - 0x00007ffd460ea000 	C:\Windows\SYSTEM32\ntdll.dll
0x00007ffd43cb0000 - 0x00007ffd43dea000 	C:\Windows\system32\KERNEL32.DLL
0x00007ffd43380000 - 0x00007ffd4348f000 	C:\Windows\system32\KERNELBASE.dll
0x00007ffd41ee0000 - 0x00007ffd41f68000 	C:\Windows\system32\apphelp.dll
0x00007ffd1ae00000 - 0x00007ffd1ae4f000 	C:\Windows\AppPatch\AppPatch64\AcGenral.DLL
0x00007ffd441d0000 - 0x00007ffd44277000 	C:\Windows\system32\msvcrt.dll
0x00007ffd430f0000 - 0x00007ffd4311b000 	C:\Windows\SYSTEM32\SspiCli.dll
0x00007ffd44280000 - 0x00007ffd442d1000 	C:\Windows\system32\SHLWAPI.dll
0x00007ffd45b50000 - 0x00007ffd45cc1000 	C:\Windows\system32\USER32.dll
0x00007ffd43a70000 - 0x00007ffd43be8000 	C:\Windows\system32\ole32.dll
0x00007ffd444e0000 - 0x00007ffd458f7000 	C:\Windows\system32\SHELL32.dll
0x00007ffd42920000 - 0x00007ffd4293e000 	C:\Windows\SYSTEM32\USERENV.dll
0x00007ffd442e0000 - 0x00007ffd44385000 	C:\Windows\system32\ADVAPI32.dll
0x00007ffd3e8c0000 - 0x00007ffd3e8db000 	C:\Windows\SYSTEM32\MPR.dll
0x00007ffd45d90000 - 0x00007ffd45ec6000 	C:\Windows\system32\RPCRT4.dll
0x00007ffd43fd0000 - 0x00007ffd44027000 	C:\Windows\SYSTEM32\sechost.dll
0x00007ffd43df0000 - 0x00007ffd43fc6000 	C:\Windows\SYSTEM32\combase.dll
0x00007ffd43900000 - 0x00007ffd43a45000 	C:\Windows\system32\GDI32.dll
0x00007ffd432b0000 - 0x00007ffd432c4000 	C:\Windows\SYSTEM32\profapi.dll
0x00007ffd41910000 - 0x00007ffd419af000 	C:\Windows\SYSTEM32\SHCORE.dll
0x00007ffd444a0000 - 0x00007ffd444d4000 	C:\Windows\system32\IMM32.DLL
0x00007ffd437c0000 - 0x00007ffd438f9000 	C:\Windows\system32\MSCTF.dll
0x00007ffd40f80000 - 0x00007ffd411da000 	C:\Windows\WinSxS\amd64_microsoft.windows.common-controls_6595b64144ccf1df_6.0.9600.17031_none_6242a4b3ecbb55a1\COMCTL32.dll
0x00000000575d0000 - 0x00000000576a2000 	C:\Program Files\Java\jdk1.8.0_92\jre\bin\msvcr100.dll
0x0000000057a50000 - 0x00000000582e6000 	C:\Program Files\Java\jdk1.8.0_92\jre\bin\server\jvm.dll
0x00007ffd30e40000 - 0x00007ffd30e49000 	C:\Windows\SYSTEM32\WSOCK32.dll
0x00007ffd393b0000 - 0x00007ffd393cf000 	C:\Windows\SYSTEM32\WINMM.dll
0x00007ffd40ee0000 - 0x00007ffd40eea000 	C:\Windows\SYSTEM32\VERSION.dll
0x00007ffd45ae0000 - 0x00007ffd45ae7000 	C:\Windows\system32\PSAPI.DLL
0x00007ffd45ee0000 - 0x00007ffd45f38000 	C:\Windows\system32\WS2_32.dll
0x00007ffd37ae0000 - 0x00007ffd37b0a000 	C:\Windows\SYSTEM32\WINMMBASE.dll
0x00007ffd45ed0000 - 0x00007ffd45ed9000 	C:\Windows\system32\NSI.dll
0x00007ffd43770000 - 0x00007ffd437ba000 	C:\Windows\SYSTEM32\cfgmgr32.dll
0x00007ffd42130000 - 0x00007ffd42156000 	C:\Windows\SYSTEM32\DEVOBJ.dll
0x0000000058f10000 - 0x0000000058f1f000 	C:\Program Files\Java\jdk1.8.0_92\jre\bin\verify.dll
0x0000000057a20000 - 0x0000000057a49000 	C:\Program Files\Java\jdk1.8.0_92\jre\bin\java.dll
0x0000000057a00000 - 0x0000000057a16000 	C:\Program Files\Java\jdk1.8.0_92\jre\bin\zip.dll

VM Arguments:
jvm_args: -Djava.awt.headless=true -Xmx1024M -Dfile.encoding=windows-1252 -Duser.country=US -Duser.language=en -Duser.variant 
java_command: com.android.dx.command.Main --dex --force-jumbo --num-threads=4 --output C:\Zooket\app\build\intermediates\pre-dexed\debug\com.google.android.gms-play-services-ads-9.0.1_a213d0cf920b8fe9c76e548f5c02fedff6d4ca15.jar C:\Zooket\app\build\intermediates\exploded-aar\com.google.android.gms\play-services-ads\9.0.1\jars\classes.jar
java_class_path (initial): C:\android-sdk-windows\build-tools\24.0.3\lib\dx.jar
Launcher Type: SUN_STANDARD

Environment Variables:
PATH=C:\ProgramData\Oracle\Java\javapath;C:\Windows\system32;C:\Windows;C:\Windows\System32\Wbem;C:\Windows\System32\WindowsPowerShell\v1.0\;C:\Program Files (x86)\NVIDIA Corporation\PhysX\Common;C:\Program Files (x86)\Windows Kits\8.1\Windows Performance Toolkit\;C:\Program Files\Microsoft SQL Server\110\Tools\Binn\;C:\Program Files\Microsoft SQL Server\110\DTS\Binn\;C:\Program Files (x86)\Microsoft SQL Server\110\Tools\Binn\;C:\Program Files (x86)\Microsoft SQL Server\110\Tools\Binn\ManagementStudio\;C:\Program Files (x86)\Microsoft Visual Studio 10.0\Common7\IDE\PrivateAssemblies\;C:\Program Files (x86)\Microsoft SQL Server\110\DTS\Binn\;C:\Program Files (x86)\GtkSharp\2.12\bin;C:\Program Files (x86)\QuickTime\QTSystem\
USERNAME=Smo
OS=Windows_NT
PROCESSOR_IDENTIFIER=Intel64 Family 6 Model 94 Stepping 3, GenuineIntel



---------------  S Y S T E M  ---------------

OS: Windows 8.1 , 64 bit Build 9600 (6.3.9600.17056)

CPU:total 4 (4 cores per cpu, 1 threads per core) family 6 model 94 stepping 3, cmov, cx8, fxsr, mmx, sse, sse2, sse3, ssse3, sse4.1, sse4.2, popcnt, avx, avx2, aes, clmul, erms, 3dnowpref, lzcnt, tsc, tscinvbit, bmi1, bmi2, adx

Memory: 4k page, physical 8266404k(1536896k free), swap 8266404k(4800k free)

vm_info: Java HotSpot(TM) 64-Bit Server VM (25.92-b14) for windows-amd64 JRE (1.8.0_92-b14), built on Mar 31 2016 21:03:04 by "java_re" with MS VC++ 10.0 (VS2010)

time: Wed May 17 16:06:23 2017
elapsed time: 4 seconds (0d 0h 0m 4s)

